AySAM_Mendoza_ListadoPrecios_AnexoII_2026-01-30.pdf
AySA_Formulario_R-DOR-037_factibilidad_tecnica_agua_cloaca.pdf
AySA_Guia_instalaciones_sanitarias_domiciliarias_Res641-2023.pdf
AySA_RANT_TO_IF-2024-34039294_ResSOP9-24.pdf
AySA_RANT_p15_AnexoA_tarifas_m3.png
AySA_RANT_p5_recorte_art17_conexiones.png
AySA_RANT_p9_recorte_arts27-29_medidor.png
AySA_ResSOP9-24_AnexoI_formula_K.pdf
BORA_ResERAS24-26_coeficiente_K_julio2026.html
CABA_BAObras_dataset_actualizado.csv
CABA_Disp62-DGACRA-25_Anexo1_PET_sanitarios_ReservaEcologica.pdf
CABA_Disp62-DGACRA-25_Anexo_PBCP_sanitarios_ReservaEcologica.pdf
CABA_Disp62-DGACRA-25_llamado_sanitarios_ReservaEcologica.pdf
CABA_Disp69-DGACRA-25_Anexo1_sanitarios_JardinBotanico.pdf
CABA_Disp69-DGACRA-25_Anexo_PBCP_sanitarios_JardinBotanico.pdf
CABA_Disp69-DGACRA-25_llamado_sanitarios_JardinBotanico.pdf
CABA_LOP16-26_DGTALAVJG_circular3_presupuesto_oficial_precios_unitarios.pdf
CABA_LP10139-0016-LPU26_circular10_CentroIntegralDiscapacidad.pdf
ERAS_Res14-26_descuento_K.pdf
ERAS_pagina_regimen_tarifario_AySA.html
OSSE_MdP_LPriv20-26_ElMartillo_agua_cloaca_noticia.html
Posadas_prensa_canal12_nucleos_sanitarios_costanera.html
Prensa_MDZ_aumentos_octubre2026_agua.html
Prensa_Perfil_aumentos_octubre2026_AySA_K.html
Prensa_iProfesional_2026-04_precio_casa_contenedor.html
Proveedor_lista_precios_bombas_cloacales_2026-10-03.html
Rosario_MR_noticia_banos_publicos_antivandalicos.html
Rosario_prensa_rosarioplus_Concejo_mas_banos_parques.html
SOM_CCT281-96_escala_2026-09_jornada_completa.pdf
SOM_CCT281-96_escala_2026-09_jornada_completa_imagen.png
SOM_CCT281-96_homologacion_acuerdo_agosto2026.pdf
URY_IM_Mas_banos_publicos_Montevideo.html
URY_IM_ocho_banos_Plan_ABC.html
USA_DJC_Portland_Loo_200_usos_dia.html
USA_NYC_Comptroller_2019_Discomfort_Stations_parks_bathrooms.pdf
USA_NYC_Council_2025-12_Citywide_Assessment_Public_Restrooms.pdf
USA_SF_BLA_2021-06_PitStop_ParkStops_program.pdf
USA_SF_PublicWorks_PitStop_programa.html
USA_SF_PublicWorks_public_toilets_PitStop.html
USA_amNY_2024_modular_restrooms_NYC_parks_1M.html
VL_BoletinOficial_841_2025-12-11.pdf
VL_BoletinOficial_847_2026-02-02.pdf
